File "all_warnings.mli", line 12, characters 0-52:
12 | val constant : unit
13 | (*@ constant
14 |     ensures true *)
Warning: Skipping `constant': constants cannot be tested.
File "all_warnings.mli", line 16, characters 26-30:
16 | val returning_sut : 'a -> 'a t
                               ^^^^
Warning: Skipping `returning_sut': functions returning a SUT value cannot be
         tested.
File "all_warnings.mli", line 19, characters 22-34:
19 | val no_sut_argument : bool -> bool
                           ^^^^^^^^^^^^
Warning: Skipping `no_sut_argument': functions with no SUT argument cannot be
         tested.
File "all_warnings.mli", line 22, characters 28-48:
22 | val multiple_sut_argument : 'a t -> 'a t -> bool
                                 ^^^^^^^^^^^^^^^^^^^^
Warning: Skipping `multiple_sut_argument': functions with multiple SUT
         arguments cannot be tested.
File "all_warnings.mli", line 25, characters 24-29:
25 | val incompatible_type : int t -> bool
                             ^^^^^
Warning: Skipping `incompatible_type': the type of its SUT-type argument is
         incompatible with command-line argument.
File "all_warnings.mli", line 33, characters 13-15:
33 |     modifies () *)
                  ^^
Warning: Skipping unsupported `modifies` clause: expected `modifies x` or
         `modifies x.model` where `x` is the SUT.
File "all_warnings.mli", line 42, characters 27-37:
42 | val functional_argument : ('a -> bool) -> 'a t -> bool
                                ^^^^^^^^^^
Warning: Skipping function with argument of type `'a -> bool': functions are
         not supported yet as arguments.
File "all_warnings.mli", line 46, characters 24-25:
46 | (*@ b = ghost_argument [x : bool] t *)
                             ^
Warning: Skipping function with a ghost argument `x'.
File "all_warnings.mli", line 49, characters 6-7:
49 | (*@ [ x : bool ], b = ghost_returned_value t *)
           ^
Warning: Skipping function with a ghost returned value `x_1'.
File "all_warnings.mli", line 4, characters 18-26:
4 | (*@ mutable model contents : 'a list *)
                      ^^^^^^^^
Warning: Skipping function because its impact on model `contents' is unknown:
         model is declared as modified by the function but no translatable
         `ensures` clause was found.
File "all_warnings.mli", line 53, characters 16-54:
53 |     ensures b = forall a. List.mem a t.contents -> p a *)
                     ^^^^^^^^^^^^^^^^^^^^^^^^^^^^^^^^^^^^^^
Warning: Skipping clause: unsupported quantification.
