File "array.mli", line 55, characters 0-89:
55 | val mem : 'a -> 'a t -> bool
56 | (*@ b = mem a t
57 |     ensures b = Sequence.mem t.contents a *)
Warning: Incomplete computation of the returned value in the specification of mem. Failure message won't be able to display the expected returned value.
