File "invariants.mli", line 4, characters 30-31:
4 |     invariant Sequence.length x.contents > 0 *)
                                  ^
Warning: Skipping clause: occurrences of the SUT in clauses are not supported
         under old operator.
File "invariants.mli", line 4, characters 30-31:
4 |     invariant Sequence.length x.contents > 0 *)
                                  ^
Warning: Skipping clause: occurrences of the SUT in clauses are not supported
         under old operator.
