File "queue.mli", line 58, characters 0-172:
58 | val peek_opt : 'a t -> 'a option
59 | (*@ v = peek_opt t
60 |     ensures match v with
61 |         | None -> t.contents = Sequence.empty
62 |         | Some a -> a = Sequence.hd t.contents *)
Warning: Incomplete computation of the returned value in the specification of peek_opt. Failure message won't be able to display the expected returned value.
