File "ref.mli", line 8, characters 0-96:
 8 | val get : t -> int
 9 | (*@ i = get r
10 |     pure
11 |     ensures i = r.value
12 |     ensures i + 1 = succ !r *)
Warning: Incomplete computation of the returned value in the specification of get. Failure message won't be able to display the expected returned value.
File "ref.mli", line 12, characters 26-27:
12 |     ensures i + 1 = succ !r *)
                               ^
Warning: Skipping clause: occurrences of the SUT in clauses are only
         supported to access its model fields.
